// Jest Snapshot v1, https://goo.gl/fbAQLP

exports[`Pruebas sobre <HookApp / Debe de renderiza correctamente el componente 1`] = `
<div>
  <h1>
    Hola Mundo
  </h1>
</div>
`;
